components/MotionLab.tsx(3,29): error TS2307: Cannot find module '@google/genai' or its corresponding type declarations.
components/MotionLab.tsx(49,34): error TS2339: Property 'env' does not exist on type 'ImportMeta'.
pages/Mensagens/Mensagens.tsx(54,3): error TS2300: Duplicate identifier 'id'.
pages/Mensagens/Mensagens.tsx(55,3): error TS2300: Duplicate identifier 'title'.
pages/Mensagens/Mensagens.tsx(56,3): error TS2300: Duplicate identifier 'description'.
pages/Mensagens/Mensagens.tsx(57,3): error TS2300: Duplicate identifier 'dueDate'.
pages/Mensagens/Mensagens.tsx(58,3): error TS2300: Duplicate identifier 'course'.
pages/Mensagens/Mensagens.tsx(59,3): error TS2300: Duplicate identifier 'attachments'.
pages/Mensagens/Mensagens.tsx(60,3): error TS2300: Duplicate identifier 'id'.
pages/Mensagens/Mensagens.tsx(61,3): error TS2300: Duplicate identifier 'title'.
pages/Mensagens/Mensagens.tsx(62,3): error TS2300: Duplicate identifier 'description'.
pages/Mensagens/Mensagens.tsx(63,3): error TS2300: Duplicate identifier 'dueDate'.
pages/Mensagens/Mensagens.tsx(64,3): error TS2300: Duplicate identifier 'course'.
pages/Mensagens/Mensagens.tsx(65,3): error TS2300: Duplicate identifier 'attachments'.
